=== samples.test.js ===
TAP version 13
# Subtest: the hybrid library exposes every prepared audio asset with a versioned URL
ok 1 - the hybrid library exposes every prepared audio asset with a versioned URL
  ---
  duration_ms: 7.573932
  type: 'test'
  ...
# Subtest: every score state resolves a complete deterministic sample palette
not ok 2 - every score state resolves a complete deterministic sample palette
  ---
  duration_ms: 1.70264
  type: 'test'
  location: '/home/runner/work/atlas-systems/atlas-systems/static/js/sonify/samples.test.js:57:1'
  failureType: 'testCodeFailure'
  error: 'healthy atmosphere must reference a real asset'
  code: 'ERR_ASSERTION'
  name: 'AssertionError'
  expected: true
  operator: '=='
  stack: |-
    TestContext.<anonymous> (file:///home/runner/work/atlas-systems/atlas-systems/static/js/sonify/samples.test.js:69:16)
    Test.runInAsyncScope (node:async_hooks:214:14)
    Test.run (node:internal/test_runner/test:1047:25)
    Test.processPendingSubtests (node:internal/test_runner/test:744:18)
    Test.postRun (node:internal/test_runner/test:1173:19)
    Test.run (node:internal/test_runner/test:1101:12)
    async startSubtestAfterBootstrap (node:internal/test_runner/harness:296:3)
  ...
# Subtest: seeded timbre controls change audible sample choices
ok 3 - seeded timbre controls change audible sample choices
  ---
  duration_ms: 0.51834
  type: 'test'
  ...
# Subtest: seeded hits stay inside the selected state pools
ok 4 - seeded hits stay inside the selected state pools
  ---
  duration_ms: 2.386957
  type: 'test'
  ...
# Subtest: each phrase holds one coherent drum kit and bass voice
ok 5 - each phrase holds one coherent drum kit and bass voice
  ---
  duration_ms: 1.632535
  type: 'test'
  ...
# Subtest: every active bass palette uses only the six audited one-shots
ok 6 - every active bass palette uses only the six audited one-shots
  ---
  duration_ms: 0.465031
  type: 'test'
  ...
# Subtest: tonal loops stay inside their declared state compatibility
ok 7 - tonal loops stay inside their declared state compatibility
  ---
  duration_ms: 0.627893
  type: 'test'
  ...
# Subtest: featured Demo leads do not replace the production live fallbacks
ok 8 - featured Demo leads do not replace the production live fallbacks
  ---
  duration_ms: 0.286346
  type: 'test'
  ...
# Subtest: rhythmic bass loops are curated per state and exclude wobble and siren sources
ok 9 - rhythmic bass loops are curated per state and exclude wobble and siren sources
  ---
  duration_ms: 1.331308
  type: 'test'
  ...
# Subtest: state section cycles and lead phrases remain distinct
ok 10 - state section cycles and lead phrases remain distinct
  ---
  duration_ms: 0.872606
  type: 'test'
  ...
1..10
# tests 10
# suites 0
# pass 9
# fail 1
# cancelled 0
# skipped 0
# todo 0
# duration_ms 111.622818
status=1

=== sampler.test.js ===
TAP version 13
# Subtest: the hybrid sampler loads in tiers and constructs voices only when played
not ok 1 - the hybrid sampler loads in tiers and constructs voices only when played
  ---
  duration_ms: 7.130254
  type: 'test'
  location: '/home/runner/work/atlas-systems/atlas-systems/static/js/sonify/sampler.test.js:72:1'
  failureType: 'testCodeFailure'
  error: 'scheduled atmosphere starts must use the transport callback time regardless of player mode'
  code: 'ERR_ASSERTION'
  name: 'AssertionError'
  expected: true
  actual: false
  operator: '=='
  stack: |-
    TestContext.<anonymous> (file:///home/runner/work/atlas-systems/atlas-systems/static/js/sonify/sampler.test.js:123:12)
    async Test.run (node:internal/test_runner/test:1054:7)
    async startSubtestAfterBootstrap (node:internal/test_runner/harness:296:3)
  ...
# Subtest: a failed library keeps sample playback silent for synth fallback
ok 2 - a failed library keeps sample playback silent for synth fallback
  ---
  duration_ms: 1.152422
  type: 'test'
  ...
1..2
# tests 2
# suites 0
# pass 1
# fail 1
# cancelled 0
# skipped 0
# todo 0
# duration_ms 73.874176
status=1

=== loop-recovery.test.js ===
TAP version 13
# bass loop eight-bar schedule (100 BPM, neo-tokyo):
# 0.000  phrase 1 bar 1 beat 1 loop neo-tokyo start
# 2.400  phrase 1 bar 2 beat 1
# 4.800  phrase 1 bar 3 beat 1
# 7.200  phrase 1 bar 4 beat 1
# 9.600  phrase 2 bar 1 beat 1 loop neo-tokyo start
# 12.000  phrase 2 bar 2 beat 1
# 14.400  phrase 2 bar 3 beat 1
# 16.800  phrase 2 bar 4 beat 1
# 19.200  next phrase loop start
# Subtest: the transport is locked to one tempo for every state and every pressure level
ok 1 - the transport is locked to one tempo for every state and every pressure level
  ---
  duration_ms: 8.807786
  type: 'test'
  ...
# Subtest: the live target tempo never changes mid loop across eight consecutive phrases
ok 2 - the live target tempo never changes mid loop across eight consecutive phrases
  ---
  duration_ms: 1.05654
  type: 'test'
  ...
# Subtest: every live palette selects only native 100 BPM loops, so nothing is pitch shifted
ok 3 - every live palette selects only native 100 BPM loops, so nothing is pitch shifted
  ---
  duration_ms: 9.90828
  type: 'test'
  ...
# Subtest: bassLoopPlaybackPlan passes native source length and fills the phrase for every loop
ok 4 - bassLoopPlaybackPlan passes native source length and fills the phrase for every loop
  ---
  duration_ms: 0.486783
  type: 'test'
  ...
# Subtest: live loops play at exactly native rate with a pitch shift of zero cents
ok 5 - live loops play at exactly native rate with a pitch shift of zero cents
  ---
  duration_ms: 0.561514
  type: 'test'
  ...
# Subtest: a live bass loop fills eight bars with no gap and no overlap (with timing trace)
ok 6 - a live bass loop fills eight bars with no gap and no overlap (with timing trace)
  ---
  duration_ms: 0.867429
  type: 'test'
  ...
# Subtest: the composition director advances exactly once per call with no skipped phrases
ok 7 - the composition director advances exactly once per call with no skipped phrases
  ---
  duration_ms: 0.422407
  type: 'test'
  ...
# Subtest: the production features are enabled on top of the approved baseline
ok 8 - the production features are enabled on top of the approved baseline
  ---
  duration_ms: 0.149312
  type: 'test'
  ...
1..8
# tests 8
# suites 0
# pass 8
# fail 0
# cancelled 0
# skipped 0
# todo 0
# duration_ms 96.199985
status=0

=== loop-production-v2.test.js ===
TAP version 13
# Subtest: locked-tempo score plays every live loop at native rate with no pitch shift or gap
ok 1 - locked-tempo score plays every live loop at native rate with no pitch shift or gap
  ---
  duration_ms: 4.493136
  type: 'test'
  ...
# Subtest: F and Fm foundation loops no longer use granular pitch transposition
ok 2 - F and Fm foundation loops no longer use granular pitch transposition
  ---
  duration_ms: 0.206777
  type: 'test'
  ...
# Subtest: live palettes always provide a loop foundation outside Unknown
ok 3 - live palettes always provide a loop foundation outside Unknown
  ---
  duration_ms: 22.44721
  type: 'test'
  ...
# Subtest: raw nullable pools remain visible as deliberate Ghost variation
ok 4 - raw nullable pools remain visible as deliberate Ghost variation
  ---
  duration_ms: 0.420675
  type: 'test'
  ...
# Subtest: seeded chord progression variants change pad harmony
ok 5 - seeded chord progression variants change pad harmony
  ---
  duration_ms: 0.3699
  type: 'test'
  ...
# Subtest: stable live state eventually schedules a build and drop pair
ok 6 - stable live state eventually schedules a build and drop pair
  ---
  duration_ms: 0.464921
  type: 'test'
  ...
# Subtest: production graph source includes ducking, sub, clipper, shared delay and FFT analysis
ok 7 - production graph source includes ducking, sub, clipper, shared delay and FFT analysis
  ---
  duration_ms: 0.485441
  type: 'test'
  ...
# Subtest: active build id is the loop production v2 release candidate
ok 8 - active build id is the loop production v2 release candidate
  ---
  duration_ms: 0.186427
  type: 'test'
  ...
1..8
# tests 8
# suites 0
# pass 8
# fail 0
# cancelled 0
# skipped 0
# todo 0
# duration_ms 115.919272
status=0
